VBCSCompilerPreWarmer: pre-warm launched (dotnet PID 248076)
VBCSCompiler prewarm took 5.95 ms
[Licensing::Module] Trying to connect to existing licensing client channel...
[Licensing::IpcConnector] Successfully connected to: "LicenseClient-Lenovo" at "2026-09-07T07:10:43.4322268Z"
Built from '6000.6/respin/6000.6.0f1-fa21a270ab12' branch; Version is '6000.6.0f1 (f7f8ed4d1e24) revision 16251117'; Using compiler version '194234433'; Build Type 'Release'
OS: 'Windows 11  (10.0.26200) CoreCountrySpecific' Language: 'zh' Physical Memory: 32189 MB
BatchMode: 1, IsHumanControllingUs: 0, StartBugReporterOnCrash: 0, Is64bit: 1
System  architecture: x64
Process architecture: x64
Date: 2026-09-07T07:10:43Z

COMMAND LINE ARGUMENTS:
C:\Program Files\Unity\Hub\Editor\6000.6.0f1\Editor\Unity.exe
-batchmode
-nographics
-projectPath
F:\gugugaga\07enSimulation\FourBoatRescue3D_AvoidanceVerify_20260907
-executeMethod
RescueSimulationBatchVerifier.Run
-logFile
F:\gugugaga\07enSimulation\FourBoatRescue3D_AvoidanceVerify_20260907\station_avoidance_verification_rerun.log
Successfully changed project path to: F:\gugugaga\07enSimulation\FourBoatRescue3D_AvoidanceVerify_20260907
F:/gugugaga/07enSimulation/FourBoatRescue3D_AvoidanceVerify_20260907
[UnityMemory] Configuration Parameters - Can be set up in boot.config
    "memorysetup-temp-allocator-size-gi-baking-worker=262144"
    "memorysetup-temp-allocator-size-gi-baking-worker=262144"
    "memorysetup-temp-allocator-size-gi-baking-worker=262144"
    "memorysetup-temp-allocator-size-gi-baking-worker=262144"
    "memorysetup-temp-allocator-size-gi-baking-worker=262144"
    "memorysetup-temp-allocator-size-nav-mesh-worker=65536"
    "memorysetup-temp-allocator-size-audio-worker=65536"
    "memorysetup-temp-allocator-size-cloud-worker=32768"
    "memorysetup-temp-allocator-size-gfx=262144"
    "memorysetup-remapper-allocator-initial-capacity=32768"
    "memorysetup-temp-allocator-size-preload-manager=33554432"
    "memorysetup-allocator-temp-initial-block-size-main=262144"
    "memorysetup-allocator-temp-initial-block-size-worker=262144"
    "memorysetup-temp-allocator-size-job-worker=262144"
    "memorysetup-temp-allocator-size-background-worker=32768"
    "memorysetup-bucket-allocator-granularity=16"
    "memorysetup-bucket-allocator-bucket-count=8"
    "memorysetup-bucket-allocator-block-size=33554432"
    "memorysetup-bucket-allocator-block-count=8"
    "memorysetup-main-allocator-block-size=16777216"
    "memorysetup-thread-allocator-block-size=16777216"
    "memorysetup-main-allocator-mimalloc-enabled=1"
    "memorysetup-gfx-main-allocator-block-size=16777216"
    "memorysetup-gfx-thread-allocator-block-size=16777216"
    "memorysetup-cache-allocator-block-size=4194304"
    "memorysetup-typetree-allocator-block-size=2097152"
    "memorysetup-profiler-bucket-allocator-granularity=16"
    "memorysetup-profiler-bucket-allocator-bucket-count=8"
    "memorysetup-profiler-bucket-allocator-block-size=33554432"
    "memorysetup-profiler-bucket-allocator-block-count=8"
    "memorysetup-profiler-allocator-block-size=16777216"
    "memorysetup-profiler-editor-allocator-block-size=1048576"
    "memorysetup-temp-allocator-size-main=16777216"
    "memorysetup-job-temp-allocator-block-size=2097152"
    "memorysetup-job-temp-allocator-block-size-background=1048576"
    "memorysetup-job-temp-allocator-reduction-small-platforms=262144"
Logging is directed to a specific file, skipping project log.
Player connection [246056]  Target information:

Player connection [246056]  * "[IP] 192.168.84.1 [Port] 55505 [Flags] 2 [Guid] 1533119444 [EditorId] 1533119444 [Version] 1048832 [Id] WindowsEditor(7,LAPTOP-TCPO2SNM) [Debug] 1 [PackageName] WindowsEditor [ProjectName] Editor" 

Player connection [246056]  * "[IP] 192.168.10.1 [Port] 55505 [Flags] 2 [Guid] 1533119444 [EditorId] 1533119444 [Version] 1048832 [Id] WindowsEditor(7,LAPTOP-TCPO2SNM) [Debug] 1 [PackageName] WindowsEditor [ProjectName] Editor" 

Player connection [246056]  * "[IP] 183.173.160.113 [Port] 55505 [Flags] 2 [Guid] 1533119444 [EditorId] 1533119444 [Version] 1048832 [Id] WindowsEditor(7,LAPTOP-TCPO2SNM) [Debug] 1 [PackageName] WindowsEditor [ProjectName] Editor" 

Player connection [246056] Host joined multi-casting on [225.0.0.222:54997]...
Player connection [246056] Host joined alternative multi-casting on [225.0.0.222:34997]...
Input System module state changed to: Initialized.
[Physics::Module] Initialized fallback backend.
[Physics::Module] Id: 0xdecafbad
[Licensing::Client] Code 10 while verifying Licensing Client signature (process Id: 234324, path: "C:/Program Files/Unity Hub/UnityLicensingClient_V1/Unity.Licensing.Client.exe")
[Licensing::Module] LicensingClient has failed validation; ignoring
[Licensing::Client] Handshaking with LicensingClient:
  Version:                 1.18.3+d7ffd15
  Session Id:              636e1c02ed13401e989cc6bb4fe5c69d
  Correlation Id:          6a1edec202c079dd1cbccb12aaf01937
  External correlation Id: 1878073862202050752
  Machine Id:              RpWkBGqUP6Ov5Q7nQPrvkS15jxg=
[Licensing::Module] Successfully connected to LicensingClient on channel: "LicenseClient-Lenovo" (connect: 0.00s, validation: 0.00s, handshake: 0.04s)
[Licensing::IpcConnector] Successfully connected to: "LicenseClient-Lenovo-notifications" at "2026-09-07T07:10:43.4755922Z"
[Licensing::Module] Error: Access token is unavailable; failed to update
[Licensing::Client] Successfully resolved entitlement details
[Licensing::Module] License group:
  Id: 1375985920617-UnityPersXXXX
  Product: Unity Personal
  Type: Assigned
  Expiration: Unlimited
[Licensing::Client] Successfully updated license, isAsync: True, time: 0.00
[Licensing::Client] Successfully resolved entitlement details
[Licensing::Module] Licensing Background thread has ended after 0.05s
[Package Manager] Connected to IPC stream "Upm-247360" after 0.2 seconds.
[Licensing::Client] Successfully resolved entitlement details
Library Redirect Path: Library/
Initialising UDS system complete:
  - System type: Client
  - Resource namespace: ac177f19ba0a7052cbd41d821e7f98d0
  - Shared memory size: 1073741824
  - Command buffer id: 1052576
  - Command buffer size: 8192
  - Hashmap size: 4194304
  - Service connected: false
Launching Unity Data Store - C:/Program Files/Unity/Hub/Editor/6000.6.0f1/Editor/Data/Tools/Unity.DataStore.exe 
Unity Data Store artifact dir = Library/DataStore, working dir = F:/gugugaga/07enSimulation/FourBoatRescue3D_AvoidanceVerify_20260907[Physics::Module] Selected backend.
[Physics::Module] Name: PhysX
[Physics::Module] Id: 0xf2b8ea05
[Physics::Module] SDK Version: 4.1.2
[Physics::Module] Integration Version: 1.0.0
[Physics::Module] Threading Mode: Multi-Threaded
Unity Data Store running and initialised
Initialize engine version: 6000.6.0f1 (f7f8ed4d1e24)
[EntityIdStore] init: VM path (explicit commit), pageSize=4096, blockCount=1048576, entitiesPerBlock=256, slots reserved=4294967296 bytes
[Subsystems] Discovering subsystems at path C:/Program Files/Unity/Hub/Editor/6000.6.0f1/Editor/Data/Resources/UnitySubsystems
[Subsystems] Discovering subsystems at path F:/gugugaga/07enSimulation/FourBoatRescue3D_AvoidanceVerify_20260907/Assets
Forcing GfxDevice: Null
GfxDevice: creating device client; kGfxThreadingModeNonThreaded
NullGfxDevice:
    Version:  NULL 1.0 [1.0]
    Renderer: Null Device
    Vendor:   Unity Technologies
Initialize mono
Mono path[0] = 'C:/Program Files/Unity/Hub/Editor/6000.6.0f1/Editor/Data/Managed'
Mono path[1] = 'C:/Program Files/Unity/Hub/Editor/6000.6.0f1/Editor/Data/BCLExtensions/runtime/netstandard2.1'
Mono path[2] = 'C:/Program Files/Unity/Hub/Editor/6000.6.0f1/Editor/Data/MonoBleedingEdge/lib/mono/unityjit-win32'
Mono config path = 'C:/Program Files/Unity/Hub/Editor/6000.6.0f1/Editor/Data/MonoBleedingEdge/etc'
Using monoOptions --debugger-agent=transport=dt_socket,embedding=1,server=y,suspend=n,address=127.0.0.1:56360
CodeReloadManager initialized
ImportWorker Server TCP listen port: 0
AcceleratorClientConnectionCallback - disconnected - :0
Begin MonoManager ReloadAssembly
Registering precompiled unity dll's ...
Register platform support module: C:/Program Files/Unity/Hub/Editor/6000.6.0f1/Editor/Data/PlaybackEngines/WebGLSupport/UnityEditor.WebGL.Extensions.dll
Register platform support module: C:/Program Files/Unity/Hub/Editor/6000.6.0f1/Editor/Data/PlaybackEngines/WindowsStandaloneSupport/UnityEditor.WindowsStandalone.Extensions.dll
[Licensing::Client] Successfully resolved entitlement details
Register platform support module: C:/Program Files/Unity/Hub/Editor/6000.6.0f1/Editor/Data/PlaybackEngines/MetroSupport/UnityEditor.UWP.Extensions.dll
Registered in 0.006210 seconds.
Native extension for UWP target not found
Native extension for WindowsStandalone target not found
Native extension for WebGL target not found
Package Manager log level set to [2]
ScheduleIndexationOnStartup MainProcess:False IndexOnStartup:False
Scripting: successfully reloaded assembly
- Finished resetting the current domain, in  0.592 seconds
Domain Reload Profiling: 1041ms
	BeginReloadAssembly (132ms)
		CreateAndSetChildDomain (27ms)
	RebuildCommonClasses (3ms)
	RebuildNativeTypeToScriptingClass (12ms)
	initialDomainReloadingComplete (60ms)
	LoadAllAssembliesAndSetupDomain (240ms)
		LoadAssemblies (101ms)
		TypeCache.Refresh (162ms)
			TypeCache.ScanAssembly (150ms)
		AnalyzeDomain (1ms)
	FinalizeReload (593ms)
		SetupLoadedEditorAssemblies (0ms)
			InitializePlatformSupportModulesInManaged (28ms)
			BeforeProcessingInitializeOnLoad (79ms)
			ProcessInitializeOnLoadAttributes (129ms)
			ProcessInitializeOnLoadMethodAttributes (161ms)
[Licensing::Client] Successfully resolved entitlement details
Application.AssetDatabase Initial Refresh Start
[Package Manager] Restoring resolved packages state from cache
[Licensing::Client] Successfully resolved entitlement details
[Package Manager] Registered 61 packages:
  Packages from [https://packages.unity.com]:
    com.unity.ai.navigation@2.0.14 (location: F:\gugugaga\07enSimulation\FourBoatRescue3D_AvoidanceVerify_20260907\Library\PackageCache\com.unity.ai.navigation@134dd6a3b97b)
    com.unity.cloud.gltfast@6.20.0 (location: F:\gugugaga\07enSimulation\FourBoatRescue3D_AvoidanceVerify_20260907\Library\PackageCache\com.unity.cloud.gltfast@11ddc2436f97)
    com.unity.collab-proxy@2.13.6 (location: F:\gugugaga\07enSimulation\FourBoatRescue3D_AvoidanceVerify_20260907\Library\PackageCache\com.unity.collab-proxy@4628d2ba6ea4)
    com.unity.ide.rider@3.0.38 (location: F:\gugugaga\07enSimulation\FourBoatRescue3D_AvoidanceVerify_20260907\Library\PackageCache\com.unity.ide.rider@1f60b3138684)
    com.unity.ide.visualstudio@2.0.26 (location: F:\gugugaga\07enSimulation\FourBoatRescue3D_AvoidanceVerify_20260907\Library\PackageCache\com.unity.ide.visualstudio@a99d56dec63f)
    com.unity.inputsystem@1.20.0 (location: F:\gugugaga\07enSimulation\FourBoatRescue3D_AvoidanceVerify_20260907\Library\PackageCache\com.unity.inputsystem@7a4e1a2a8194)
    com.unity.visualscripting@1.9.12 (location: F:\gugugaga\07enSimulation\FourBoatRescue3D_AvoidanceVerify_20260907\Library\PackageCache\com.unity.visualscripting@4edfcc09512f)
    com.unity.searcher@4.9.5 (location: F:\gugugaga\07enSimulation\FourBoatRescue3D_AvoidanceVerify_20260907\Library\PackageCache\com.unity.searcher@a463122f2c00)
    com.unity.profiling.core@1.0.3 (location: F:\gugugaga\07enSimulation\FourBoatRescue3D_AvoidanceVerify_20260907\Library\PackageCache\com.unity.profiling.core@8a49f7027d06)
    com.unity.nuget.mono-cecil@1.11.6 (location: F:\gugugaga\07enSimulation\FourBoatRescue3D_AvoidanceVerify_20260907\Library\PackageCache\com.unity.nuget.mono-cecil@ecb9724e46ff)
  Built-in packages:
    com.unity.render-pipelines.universal@17.6.0 (location: F:\gugugaga\07enSimulation\FourBoatRescue3D_AvoidanceVerify_20260907\Library\PackageCache\com.unity.render-pipelines.universal@8457e85b8184)
    com.unity.test-framework@1.8.0 (location: F:\gugugaga\07enSimulation\FourBoatRescue3D_AvoidanceVerify_20260907\Library\PackageCache\com.unity.test-framework@7a3849e09bd0)
    com.unity.timeline@6.6.0 (location: F:\gugugaga\07enSimulation\FourBoatRescue3D_AvoidanceVerify_20260907\Library\PackageCache\com.unity.timeline@281d5f7e7d7d)
    com.unity.ugui@2.6.0 (location: F:\gugugaga\07enSimulation\FourBoatRescue3D_AvoidanceVerify_20260907\Library\PackageCache\com.unity.ugui@23caec89ae27)
    com.unity.modules.accessibility@1.0.0 (location: F:\gugugaga\07enSimulation\FourBoatRescue3D_AvoidanceVerify_20260907\Library\PackageCache\com.unity.modules.accessibility)
    com.unity.modules.adaptiveperformance@1.0.0 (location: F:\gugugaga\07enSimulation\FourBoatRescue3D_AvoidanceVerify_20260907\Library\PackageCache\com.unity.modules.adaptiveperformance)
    com.unity.modules.ai@1.0.0 (location: F:\gugugaga\07enSimulation\FourBoatRescue3D_AvoidanceVerify_20260907\Library\PackageCache\com.unity.modules.ai)
    com.unity.modules.androidjni@1.0.0 (location: F:\gugugaga\07enSimulation\FourBoatRescue3D_AvoidanceVerify_20260907\Library\PackageCache\com.unity.modules.androidjni)
    com.unity.modules.animation@1.0.0 (location: F:\gugugaga\07enSimulation\FourBoatRescue3D_AvoidanceVerify_20260907\Library\PackageCache\com.unity.modules.animation)
    com.unity.modules.assetbundle@1.0.0 (location: F:\gugugaga\07enSimulation\FourBoatRescue3D_AvoidanceVerify_20260907\Library\PackageCache\com.unity.modules.assetbundle)
    com.unity.modules.audio@1.0.0 (location: F:\gugugaga\07enSimulation\FourBoatRescue3D_AvoidanceVerify_20260907\Library\PackageCache\com.unity.modules.audio)
    com.unity.modules.cloth@1.0.0 (location: F:\gugugaga\07enSimulation\FourBoatRescue3D_AvoidanceVerify_20260907\Library\PackageCache\com.unity.modules.cloth)
    com.unity.modules.director@1.0.0 (location: F:\gugugaga\07enSimulation\FourBoatRescue3D_AvoidanceVerify_20260907\Library\PackageCache\com.unity.modules.director)
    com.unity.modules.imageconversion@1.0.0 (location: F:\gugugaga\07enSimulation\FourBoatRescue3D_AvoidanceVerify_20260907\Library\PackageCache\com.unity.modules.imageconversion)
    com.unity.modules.imgui@1.0.0 (location: F:\gugugaga\07enSimulation\FourBoatRescue3D_AvoidanceVerify_20260907\Library\PackageCache\com.unity.modules.imgui)
    com.unity.modules.jsonserialize@1.0.0 (location: F:\gugugaga\07enSimulation\FourBoatRescue3D_AvoidanceVerify_20260907\Library\PackageCache\com.unity.modules.jsonserialize)
    com.unity.modules.particlesystem@1.0.0 (location: F:\gugugaga\07enSimulation\FourBoatRescue3D_AvoidanceVerify_20260907\Library\PackageCache\com.unity.modules.particlesystem)
    com.unity.modules.physics@1.0.0 (location: F:\gugugaga\07enSimulation\FourBoatRescue3D_AvoidanceVerify_20260907\Library\PackageCache\com.unity.modules.physics)
    com.unity.modules.physics2d@1.0.0 (location: F:\gugugaga\07enSimulation\FourBoatRescue3D_AvoidanceVerify_20260907\Library\PackageCache\com.unity.modules.physics2d)
    com.unity.modules.physicscore2d@1.0.0 (location: F:\gugugaga\07enSimulation\FourBoatRescue3D_AvoidanceVerify_20260907\Library\PackageCache\com.unity.modules.physicscore2d)
    com.unity.modules.screencapture@1.0.0 (location: F:\gugugaga\07enSimulation\FourBoatRescue3D_AvoidanceVerify_20260907\Library\PackageCache\com.unity.modules.screencapture)
    com.unity.modules.terrain@1.0.0 (location: F:\gugugaga\07enSimulation\FourBoatRescue3D_AvoidanceVerify_20260907\Library\PackageCache\com.unity.modules.terrain)
    com.unity.modules.terrainphysics@1.0.0 (location: F:\gugugaga\07enSimulation\FourBoatRescue3D_AvoidanceVerify_20260907\Library\PackageCache\com.unity.modules.terrainphysics)
    com.unity.modules.tetgen@1.0.0 (location: F:\gugugaga\07enSimulation\FourBoatRescue3D_AvoidanceVerify_20260907\Library\PackageCache\com.unity.modules.tetgen)
    com.unity.modules.tilemap@1.0.0 (location: F:\gugugaga\07enSimulation\FourBoatRescue3D_AvoidanceVerify_20260907\Library\PackageCache\com.unity.modules.tilemap)
    com.unity.modules.timelinefoundation@1.0.0 (location: F:\gugugaga\07enSimulation\FourBoatRescue3D_AvoidanceVerify_20260907\Library\PackageCache\com.unity.modules.timelinefoundation)
    com.unity.modules.ui@1.0.0 (location: F:\gugugaga\07enSimulation\FourBoatRescue3D_AvoidanceVerify_20260907\Library\PackageCache\com.unity.modules.ui)
    com.unity.modules.uielements@1.0.0 (location: F:\gugugaga\07enSimulation\FourBoatRescue3D_AvoidanceVerify_20260907\Library\PackageCache\com.unity.modules.uielements)
    com.unity.modules.umbra@1.0.0 (location: F:\gugugaga\07enSimulation\FourBoatRescue3D_AvoidanceVerify_20260907\Library\PackageCache\com.unity.modules.umbra)
    com.unity.modules.unityanalytics@1.0.0 (location: F:\gugugaga\07enSimulation\FourBoatRescue3D_AvoidanceVerify_20260907\Library\PackageCache\com.unity.modules.unityanalytics)
    com.unity.modules.unitywebrequest@1.0.0 (location: F:\gugugaga\07enSimulation\FourBoatRescue3D_AvoidanceVerify_20260907\Library\PackageCache\com.unity.modules.unitywebrequest)
    com.unity.modules.unitywebrequestassetbundle@1.0.0 (location: F:\gugugaga\07enSimulation\FourBoatRescue3D_AvoidanceVerify_20260907\Library\PackageCache\com.unity.modules.unitywebrequestassetbundle)
    com.unity.modules.unitywebrequestaudio@1.0.0 (location: F:\gugugaga\07enSimulation\FourBoatRescue3D_AvoidanceVerify_20260907\Library\PackageCache\com.unity.modules.unitywebrequestaudio)
    com.unity.modules.unitywebrequesttexture@1.0.0 (location: F:\gugugaga\07enSimulation\FourBoatRescue3D_AvoidanceVerify_20260907\Library\PackageCache\com.unity.modules.unitywebrequesttexture)
    com.unity.modules.unitywebrequestwww@1.0.0 (location: F:\gugugaga\07enSimulation\FourBoatRescue3D_AvoidanceVerify_20260907\Library\PackageCache\com.unity.modules.unitywebrequestwww)
    com.unity.modules.vectorgraphics@1.0.0 (location: F:\gugugaga\07enSimulation\FourBoatRescue3D_AvoidanceVerify_20260907\Library\PackageCache\com.unity.modules.vectorgraphics)
    com.unity.modules.vehicles@1.0.0 (location: F:\gugugaga\07enSimulation\FourBoatRescue3D_AvoidanceVerify_20260907\Library\PackageCache\com.unity.modules.vehicles)
    com.unity.modules.video@1.0.0 (location: F:\gugugaga\07enSimulation\FourBoatRescue3D_AvoidanceVerify_20260907\Library\PackageCache\com.unity.modules.video)
    com.unity.modules.wind@1.0.0 (location: F:\gugugaga\07enSimulation\FourBoatRescue3D_AvoidanceVerify_20260907\Library\PackageCache\com.unity.modules.wind)
    com.unity.modules.xr@1.0.0 (location: F:\gugugaga\07enSimulation\FourBoatRescue3D_AvoidanceVerify_20260907\Library\PackageCache\com.unity.modules.xr)
    com.unity.modules.subsystems@1.0.0 (location: F:\gugugaga\07enSimulation\FourBoatRescue3D_AvoidanceVerify_20260907\Library\PackageCache\com.unity.modules.subsystems)
    com.unity.modules.hierarchycore@1.0.0 (location: F:\gugugaga\07enSimulation\FourBoatRescue3D_AvoidanceVerify_20260907\Library\PackageCache\com.unity.modules.hierarchycore)
    com.unity.ext.nunit@2.1.0 (location: F:\gugugaga\07enSimulation\FourBoatRescue3D_AvoidanceVerify_20260907\Library\PackageCache\com.unity.ext.nunit@0198eae3b53e)
    com.unity.render-pipelines.core@17.6.0 (location: F:\gugugaga\07enSimulation\FourBoatRescue3D_AvoidanceVerify_20260907\Library\PackageCache\com.unity.render-pipelines.core@2d66c71e606e)
    com.unity.shadergraph@17.6.0 (location: F:\gugugaga\07enSimulation\FourBoatRescue3D_AvoidanceVerify_20260907\Library\PackageCache\com.unity.shadergraph@ef6135652377)
    com.unity.render-pipelines.universal-config@17.6.0 (location: F:\gugugaga\07enSimulation\FourBoatRescue3D_AvoidanceVerify_20260907\Library\PackageCache\com.unity.render-pipelines.universal-config@561422b74439)
    com.unity.burst@2.0.0 (location: F:\gugugaga\07enSimulation\FourBoatRescue3D_AvoidanceVerify_20260907\Library\PackageCache\com.unity.burst@626e66ab421b)
    com.unity.collections@6.6.0 (location: F:\gugugaga\07enSimulation\FourBoatRescue3D_AvoidanceVerify_20260907\Library\PackageCache\com.unity.collections@10fff0607388)
    com.unity.mathematics@1.4.0 (location: F:\gugugaga\07enSimulation\FourBoatRescue3D_AvoidanceVerify_20260907\Library\PackageCache\com.unity.mathematics@8306a64d0cd6)
    com.unity.graph-authoring@1.0.0 (location: F:\gugugaga\07enSimulation\FourBoatRescue3D_AvoidanceVerify_20260907\Library\PackageCache\com.unity.graph-authoring@cfd2588851ee)
    com.unity.test-framework.performance@6.6.0 (location: F:\gugugaga\07enSimulation\FourBoatRescue3D_AvoidanceVerify_20260907\Library\PackageCache\com.unity.test-framework.performance@0a60b857a52e)
[Subsystems] No new subsystems found in resolved package list.
[Package Manager] Done registering packages in 0.01 seconds
[ScriptCompilation] Requested script compilation because: AssetDatabase observed changes in script compilation related files
Starting: C:\Program Files\Unity\Hub\Editor\6000.6.0f1\Editor\Data\Tools\BuildPipeline\bee_backend.exe --ipc --defer-dag-verification --dagfile="Library/Bee/1900b0aE.dag" --continue-on-failure --profile="Library/Bee/backend1.traceevents" ScriptAssemblies
WorkingDir: F:/gugugaga/07enSimulation/FourBoatRescue3D_AvoidanceVerify_20260907
DisplayProgressbar: Compiling Scripts
ExitCode: 0 Duration: 0s882ms
[ 812/1052  0s] ILPP-Configuration Library/ilpp-configuration.nevergeneratedoutput
[1044/1052  0s] Csc Library/Bee/artifacts/1900b0aE.dag/Assembly-CSharp.dll (+2 others)
[1045/1052  0s] ILPostProcess Library/Bee/artifacts/1900b0aE.dag/post-processed/Assembly-CSharp.dll (+pdb)
Processing assembly Library/Bee/artifacts/1900b0aE.dag/Assembly-CSharp.dll, with 148 defines and 355 references

processors: Unity.Jobs.CodeGen.JobsILPostProcessor, zzzUnity.Burst.CodeGen.BurstILPostProcessor

1 processor(s) skipped this assembly

running Unity.Jobs.CodeGen.JobsILPostProcessor
[1046/1052  0s] CopyFiles Library/ScriptAssemblies/Assembly-CSharp.pdb
[1047/1052  0s] Csc Library/Bee/artifacts/1900b0aE.dag/Assembly-CSharp-Editor.dll (+2 others)
Assets\Editor\RescueSimulationBatchVerifier.cs(73,77): warning CS0618: 'FindObjectsSortMode' is obsolete: 'FindObjectsSortMode has been deprecated. Use the FindObjectsByType overloads that do not take a FindObjectsSortMode parameter.'

Assets\Editor\RescueSimulationBatchVerifier.cs(73,41): warning CS0618: 'Object.FindObjectsByType<T>(FindObjectsSortMode)' is obsolete: 'FindObjectsByType with FindObjectsSortMode parameter has been deprecated. Use FindObjectsByType<T>() or FindObjectsByType<T>(FindObjectsInactive) instead. InstanceID will be replaced in the future with EntityId and previous sort order cannot be maintained.'

Assets\Editor\RescueSimulationBatchVerifier.cs(93,79): warning CS0618: 'FindObjectsSortMode' is obsolete: 'FindObjectsSortMode has been deprecated. Use the FindObjectsByType overloads that do not take a FindObjectsSortMode parameter.'

Assets\Editor\RescueSimulationBatchVerifier.cs(93,40): warning CS0618: 'Object.FindObjectsByType<T>(FindObjectsSortMode)' is obsolete: 'FindObjectsByType with FindObjectsSortMode parameter has been deprecated. Use FindObjectsByType<T>() or FindObjectsByType<T>(FindObjectsInactive) instead. InstanceID will be replaced in the future with EntityId and previous sort order cannot be maintained.'
[1048/1052  0s] CopyFiles Library/ScriptAssemblies/Assembly-CSharp.dll
[1049/1052  0s] ILPostProcess Library/Bee/artifacts/1900b0aE.dag/post-processed/Assembly-CSharp-Editor.dll (+pdb)
Processing assembly Library/Bee/artifacts/1900b0aE.dag/Assembly-CSharp-Editor.dll, with 146 defines and 379 references

processors: Unity.Jobs.CodeGen.JobsILPostProcessor, zzzUnity.Burst.CodeGen.BurstILPostProcessor

1 processor(s) skipped this assembly

running Unity.Jobs.CodeGen.JobsILPostProcessor
[1050/1052  0s] CopyFiles Library/ScriptAssemblies/Assembly-CSharp-Editor.dll
[1051/1052  0s] CopyFiles Library/ScriptAssemblies/Assembly-CSharp-Editor.pdb
*** Tundra build success (0.85 seconds), 9 items updated, 1052 evaluated
Assets\Editor\RescueSimulationBatchVerifier.cs(73,77): warning CS0618: 'FindObjectsSortMode' is obsolete: 'FindObjectsSortMode has been deprecated. Use the FindObjectsByType overloads that do not take a FindObjectsSortMode parameter.'
Assets\Editor\RescueSimulationBatchVerifier.cs(73,41): warning CS0618: 'Object.FindObjectsByType<T>(FindObjectsSortMode)' is obsolete: 'FindObjectsByType with FindObjectsSortMode parameter has been deprecated. Use FindObjectsByType<T>() or FindObjectsByType<T>(FindObjectsInactive) instead. InstanceID will be replaced in the future with EntityId and previous sort order cannot be maintained.'
Assets\Editor\RescueSimulationBatchVerifier.cs(93,79): warning CS0618: 'FindObjectsSortMode' is obsolete: 'FindObjectsSortMode has been deprecated. Use the FindObjectsByType overloads that do not take a FindObjectsSortMode parameter.'
Assets\Editor\RescueSimulationBatchVerifier.cs(93,40): warning CS0618: 'Object.FindObjectsByType<T>(FindObjectsSortMode)' is obsolete: 'FindObjectsByType with FindObjectsSortMode parameter has been deprecated. Use FindObjectsByType<T>() or FindObjectsByType<T>(FindObjectsInactive) instead. InstanceID will be replaced in the future with EntityId and previous sort order cannot be maintained.'
AssetDatabase: script compilation time: 1.358399s
Begin MonoManager ReloadAssembly
'Packages/com.unity.render-pipelines.core/Editor/Deprecated.cs' contains partial class of Unity.Object, exactly 1 of the partial classes needs to be in a file with the same filename. This is to know the one that can be referenced from ie. GameObjects
'Packages/com.unity.render-pipelines.core/Editor/Deprecated.cs' contains partial class of Unity.Object, exactly 1 of the partial classes needs to be in a file with the same filename. This is to know the one that can be referenced from ie. GameObjects
Native extension for UWP target not found
Native extension for WindowsStandalone target not found
Native extension for WebGL target not found
ScheduleIndexationOnStartup MainProcess:True IndexOnStartup:True
Scripting: successfully reloaded assembly
- Finished resetting the current domain, in  0.692 seconds
Domain Reload Profiling: 1594ms
	BeginReloadAssembly (319ms)
		DisableScriptedObjects (34ms)
		CreateAndSetChildDomain (150ms)
	RebuildCommonClasses (7ms)
	RebuildNativeTypeToScriptingClass (11ms)
	initialDomainReloadingComplete (54ms)
	LoadAllAssembliesAndSetupDomain (510ms)
		LoadAssemblies (298ms)
		TypeCache.Refresh (123ms)
			TypeCache.ScanAssembly (110ms)
		AnalyzeDomain (58ms)
			BuildScriptInfoCaches (51ms)
			ResolveRequiredComponents (6ms)
	FinalizeReload (693ms)
		SetupLoadedEditorAssemblies (0ms)
			InitializePlatformSupportModulesInManaged (7ms)
			BeforeProcessingInitializeOnLoad (76ms)
			ProcessInitializeOnLoadAttributes (207ms)
			ProcessInitializeOnLoadMethodAttributes (102ms)
			AfterProcessingInitializeOnLoad (9ms)
		AwakeInstancesAfterBackupRestoration (26ms)
Starting new worker id: 0 with log in F:/gugugaga/07enSimulation/FourBoatRescue3D_AvoidanceVerify_20260907/Logs/AssetImportWorkerHW0.log

Asset Pipeline Refresh (id=4d68f4136c004b94080401de461cf643): Total: 3.559 seconds - Initiated by InitialRefreshV2(ForceSynchronousImport)
	(Values over 0.05ms)
	Summary:
		Imports: total=0 (actual=0, local cache=0, cache server=0)
		Asset DB Process Time: managed=0 ms, native=1042 ms
		Asset DB Callback time: managed=127 ms, native=20 ms
		Scripting: domain reloads=1, domain reload time=959 ms, compile time=1361 ms, other=49 ms
		Project Asset Count: scripts=1429, non-scripts=2400
		Asset File Changes: new=0, changed=1, moved=0, deleted=0
		Scan Filter Count: 0
	InvokePackagesCallback: 17.446ms
	ApplyChangesToAssetFolders: 0.553ms
	Scan: 80.944ms
	Collect global state as custom dependencies: 13.618ms
	OnSourceAssetsModified: 0.467ms
	CategorizeScriptCompilationAssets: 30.944ms
	ProcessAssetsWithTransientArtifactChanges: 57.455ms
	CategorizeAssets: 38.654ms
	CompileScripts: 1360.605ms
	ImportOutOfDateAssets: 708.289ms (698.093ms without children)
		UnloadImportedAssets: 0.671ms
		EnsureUptoDateAssetsAreRegisteredWithGuidPM: 0.484ms
		ImportSchedulerStart: 8.998ms
	PostProcessAllAssets: 128.934ms
		VCAutoAddAssetPostprocess 0.969ms
		XRBuildSystem.XRAssetImported 0.256ms
		MonoPostProcessAllAssets: 127.347ms
			AssetPostprocessor.OnPostprocessAllAssets 83.174ms
			StyleCatalogPostProcessor.OnPostprocessAllAssets 11.944ms
			UniversalRenderPipelineGlobalSettingsPostprocessor.OnPostprocessAllAssets 10.352ms
			BuilderAssetPostprocessor.OnPostprocessAllAssets 3.595ms
			WindowAssetPostprocessingWatcher.OnPostprocessAllAssets 1.285ms
			SpeedTree9Postprocessor.OnPostprocessAllAssets 1.235ms
			AssetChangedListener.OnPostprocessAllAssets 1.147ms
			ShaderGraphAssetPostProcessor.OnPostprocessAllAssets 1.089ms
			RetainedModeAssetPostprocessor.OnPostprocessAllAssets 0.948ms
			EditModeScopePostprocessor.OnPostprocessAllAssets 0.640ms
			RenderPipelineGlobalSettingsPostprocessor.OnPostprocessAllAssets 0.505ms
			UVCSAssetPostprocessor.OnPostprocessAllAssets 0.479ms
			MaterialPostprocessor.OnPostprocessAllAssets 0.461ms
			ShaderReflectionAssetPostProcessor.OnPostprocessAllAssets 0.367ms
			ArtifactBrowserPostProcessor.OnPostprocessAllAssets 0.353ms
			PostProcessor.OnPostprocessAllAssets 0.243ms
			InputActionAssetPostprocessor.OnPostprocessAllAssets 0.230ms
			AssetEvents.OnPostprocessAllAssets 0.223ms
			TextAssetPostProcessor.OnPostprocessAllAssets 0.220ms
			ReferencedClipsPostProcessor.OnPostprocessAllAssets 0.206ms
			AudioMixerPostprocessor.OnPostprocessAllAssets 0.200ms
			TMPro_TexturePostProcessor.OnPostprocessAllAssets 0.190ms
			InputActionJsonNameModifierAssetProcessor.OnPostprocessAllAssets 0.177ms
			TerrainToolbarOverlayPostProcessor.OnPostprocessAllAssets 0.137ms
			ProjectSettingsPostprocessor.OnPostprocessAllAssets 0.116ms
			AssetDatabaseCallbacks.OnPostprocessAllAssets 0.111ms
			SpeedTreePostProcessor.OnPostprocessAllAssets 0.099ms
			ConfigAssetsTracker.OnPostprocessAllAssets 0.096ms
			SamplePostprocessor.OnPostprocessAllAssets 0.093ms
			ThemePostprocessor.OnPostprocessAllAssets 0.089ms
			ScenarioDriftAssetsTracker.OnPostprocessAllAssets 0.080ms
			AssetReloadNotifier.OnPostprocessAllAssets 0.076ms
			SyncVS.PostprocessSyncProject 0.075ms
			AudioContainerPostProcessor.OnPostprocessAllAssets 0.054ms
	PostAssetChangesProfiler: 2.329ms
	UnloadStreamsBegin: 1.612ms
	PersistCurrentRevisions: 0.100ms
	GenerateScriptTypeHashes: 1.056ms
	GenerateScriptTypeSerializationHashes: 1.918ms
	Untracked: 1096.463ms

Application.AssetDatabase Initial Refresh End
Shader Hidden/ChartRasterizerHardware is not supported: GPU does not support conservative rasterization
Shader Hidden/ChartRasterizerHardware is not supported: GPU does not support conservative rasterization
Scanning for USB devices : 3.292ms
Initializing Unity extensions:
[MODES] ModeService[none].Initialize
[MODES] ModeService[none].LoadModes
[MODES] Loading mode Default (0) for mode-current-id-FourBoatRescue3D
Unloading 28 Unused Serialized files (Serialized files now loaded: 0)
Unloading 6915 unused Assets / (3.3 MB). Loaded Objects now: 7938.
Memory consumption went from 410.8 MB to 407.5 MB.
Total: 6.438800 ms (FindLiveObjects: 0.650300 ms CreateObjectMapping: 0.343000 ms MarkObjects: 4.176200 ms  DeleteObjects: 1.036900 ms)

Opening scene 'Assets/Scenes/RescueSimulation.unity'
Unloading 5 Unused Serialized files (Serialized files now loaded: 0)
Loaded scene 'Assets/Scenes/RescueSimulation.unity'
	Deserialize:            10.687 ms
	Integration:            10.925 ms
	Integration of assets:  0.118 ms
	Thread Wait Time:       0.031 ms
	Total Operation Time:   21.761 ms
Unloading 4 unused Assets / (469.0 KB). Loaded Objects now: 8831.
Memory consumption went from 404.6 MB to 404.2 MB.
Total: 4.648600 ms (FindLiveObjects: 0.466100 ms CreateObjectMapping: 0.151600 ms MarkObjects: 3.753900 ms  DeleteObjects: 0.039800 ms)

Microsoft Media Foundation video decoding to texture disabled: graphics device is Null, only Direct3D 11 and Direct3D 12 (only on desktop) are supported for hardware-accelerated video decoding.
[Project] Loading completed in 6.206 seconds
	Project init time: 				5.394 seconds
		Template init time: 		0.000 seconds
		Package Manager init time: 		0.213 seconds
		Asset Database init time: 		0.284 seconds
		Global illumination init time: 	0.003 seconds
		Assemblies load time: 			1.088 seconds
		Unity extensions init time: 	0.014 seconds
		Asset Database refresh time: 	3.560 seconds
	Scene opening time: 			0.121 seconds
##utp:{"type":"ProjectInfo","version":2,"phase":"Immediate","time":1788765048973,"processId":247360,"projectLoad":6.206182399999999,"projectInit":5.3943524,"templateInit":0.0,"packageManagerInit":0.2133568,"assetDatabaseInit":0.2836082,"globalIlluminationInit":0.0027485,"assembliesLoad":1.0884639,"unityExtensionsInit":0.0135416,"assetDatabaseRefresh":3.5595016,"sceneOpening":0.1211699}
##utp:{"type":"EditorInfo","version":2,"phase":"Immediate","time":1788765048973,"processId":247360,"editorVersion":"6000.6.0f1 (f7f8ed4d1e24)","branch":"6000.6/respin/6000.6.0f1-fa21a270ab12","buildType":"Release","platform":"Windows"}
Entering Playmode with Reload Domain disabled.
If you experience any issues, please disable "Enter Play Mode Options" in Editor Settings
Entering Playmode with Reload Scene disabled. If you experience any issues, please disable "Enter Play Mode Options" in Editor Settings
[RescueSimulation] boat_1 dispatched to person_1.
UnityEngine.Debug:ExtractStackTraceNoAlloc (byte*,int,string)
UnityEngine.StackTraceUtility:ExtractStackTrace ()
UnityEngine.DebugLogHandler:Internal_Log (UnityEngine.LogType,UnityEngine.LogOption,string,UnityEngine.Object)
UnityEngine.DebugLogHandler:LogFormat (UnityEngine.LogType,UnityEngine.Object,string,object[])
UnityEngine.Logger:Log (UnityEngine.LogType,object)
UnityEngine.Debug:Log (object)
RescueSimulationManager:DispatchIdleBoats () (at Assets/Scripts/Simulation/RescueSimulationManager.cs:346)
RescueSimulationManager:StartSimulation () (at Assets/Scripts/Simulation/RescueSimulationManager.cs:223)
RescueSimulationBatchVerifier:OnPlayModeChanged (UnityEditor.PlayModeStateChange) (at Assets/Editor/RescueSimulationBatchVerifier.cs:97)
UnityEditor.EditorApplication:Internal_PlayModeStateChanged (UnityEditor.PlayModeStateChange)

(Filename: Assets/Scripts/Simulation/RescueSimulationManager.cs Line: 346)

[RescueSimulation] Start pressed. waiting=6, external=False
UnityEngine.Debug:ExtractStackTraceNoAlloc (byte*,int,string)
UnityEngine.StackTraceUtility:ExtractStackTrace ()
UnityEngine.DebugLogHandler:Internal_Log (UnityEngine.LogType,UnityEngine.LogOption,string,UnityEngine.Object)
UnityEngine.DebugLogHandler:LogFormat (UnityEngine.LogType,UnityEngine.Object,string,object[])
UnityEngine.Logger:Log (UnityEngine.LogType,object)
UnityEngine.Debug:Log (object)
RescueSimulationManager:StartSimulation () (at Assets/Scripts/Simulation/RescueSimulationManager.cs:231)
RescueSimulationBatchVerifier:OnPlayModeChanged (UnityEditor.PlayModeStateChange) (at Assets/Editor/RescueSimulationBatchVerifier.cs:97)
UnityEditor.EditorApplication:Internal_PlayModeStateChanged (UnityEditor.PlayModeStateChange)

(Filename: Assets/Scripts/Simulation/RescueSimulationManager.cs Line: 231)

[RescueVerifier] Play mode started at (-0.1180, 0.0000, -0.0400)
UnityEngine.Debug:ExtractStackTraceNoAlloc (byte*,int,string)
UnityEngine.StackTraceUtility:ExtractStackTrace ()
UnityEngine.DebugLogHandler:Internal_Log (UnityEngine.LogType,UnityEngine.LogOption,string,UnityEngine.Object)
UnityEngine.DebugLogHandler:LogFormat (UnityEngine.LogType,UnityEngine.Object,string,object[])
UnityEngine.Logger:Log (UnityEngine.LogType,object)
UnityEngine.Debug:Log (object)
RescueSimulationBatchVerifier:OnPlayModeChanged (UnityEditor.PlayModeStateChange) (at Assets/Editor/RescueSimulationBatchVerifier.cs:100)
UnityEditor.EditorApplication:Internal_PlayModeStateChanged (UnityEditor.PlayModeStateChange)

(Filename: Assets/Editor/RescueSimulationBatchVerifier.cs Line: 100)

[Licensing::Client] Successfully resolved entitlement details
Start Indexing on Editor startup
ArgumentOutOfRangeException: Index was out of range. Must be non-negative and less than the size of the collection.
Parameter name: index
  at System.Collections.Generic.List`1[T].get_Item (System.Int32 index) [0x00009] in <c5ae8a4eeb824526b5df2932bc2395e0>:0 
  at UnityEditor.Search.SearchDatabase+<EnumerateAll>d__78.MoveNext () [0x00089] in <f03e16b4b58248838607cefa048bd30a>:0 
  at System.Linq.Enumerable.TryGetFirst[TSource] (System.Collections.Generic.IEnumerable`1[T] source, System.Boolean& found) [0x00045] in <f1b392d8fe224ca2b1f9fab1000b77eb>:0 
  at System.Linq.Enumerable.First[TSource] (System.Collections.Generic.IEnumerable`1[T] source) [0x00000] in <f1b392d8fe224ca2b1f9fab1000b77eb>:0 
  at UnityEditor.Search.SearchDatabase.GetDefaultSearchDatabase () [0x00005] in <f03e16b4b58248838607cefa048bd30a>:0 
  at UnityEditor.Search.SearchInit.IndexationOnStartup () [0x0000a] in <f03e16b4b58248838607cefa048bd30a>:0 
  at UnityEditor.EditorApplication.Internal_CallDelayFunctions () [0x00029] in <2194b77af8ea43e69caba13ba778a69a>:0 
UnityEngine.StackTraceUtility:ExtractStringFromExceptionInternal(Object, String&, String&)

Created GICache directory at C:/Users/Lenovo/AppData/LocalLow/Unity/Caches/GiCache. Took: 0.022s, timestamps: [6.545 - 6.567]
[Licensing::Client] Successfully resolved entitlement details
[Licensing::Client] Successfully resolved entitlement details
[RescueVerifier] MILESTONE: departed 0.0256 m in 0.36 s.
UnityEngine.Debug:ExtractStackTraceNoAlloc (byte*,int,string)
UnityEngine.StackTraceUtility:ExtractStackTrace ()
UnityEngine.DebugLogHandler:Internal_Log (UnityEngine.LogType,UnityEngine.LogOption,string,UnityEngine.Object)
UnityEngine.DebugLogHandler:LogFormat (UnityEngine.LogType,UnityEngine.Object,string,object[])
UnityEngine.Logger:Log (UnityEngine.LogType,object)
UnityEngine.Debug:Log (object)
RescueSimulationBatchVerifier:ObserveMovement () (at Assets/Editor/RescueSimulationBatchVerifier.cs:169)
UnityEditor.EditorApplication:Internal_CallUpdateFunctions ()

(Filename: Assets/Editor/RescueSimulationBatchVerifier.cs Line: 169)

[RescueVerifier] DIAGNOSTICS: frame=50, timeScale=1, controllerEnabled=True, active=True, fixedTicks=42, hasRoute=True, moving=True, kinematicMode=True, rigidbodyKinematic=True, position=(-0.2047, 0.0000, -0.0718)
UnityEngine.Debug:ExtractStackTraceNoAlloc (byte*,int,string)
UnityEngine.StackTraceUtility:ExtractStackTrace ()
UnityEngine.DebugLogHandler:Internal_Log (UnityEngine.LogType,UnityEngine.LogOption,string,UnityEngine.Object)
UnityEngine.DebugLogHandler:LogFormat (UnityEngine.LogType,UnityEngine.Object,string,object[])
UnityEngine.Logger:Log (UnityEngine.LogType,object)
UnityEngine.Debug:Log (object)
RescueSimulationBatchVerifier:ObserveMovement () (at Assets/Editor/RescueSimulationBatchVerifier.cs:155)
UnityEditor.EditorApplication:Internal_CallUpdateFunctions ()

(Filename: Assets/Editor/RescueSimulationBatchVerifier.cs Line: 155)

[Licensing::Client] Successfully resolved entitlement details
[RescueSimulation] boat_1 dispatched to person_2.
UnityEngine.Debug:ExtractStackTraceNoAlloc (byte*,int,string)
UnityEngine.StackTraceUtility:ExtractStackTrace ()
UnityEngine.DebugLogHandler:Internal_Log (UnityEngine.LogType,UnityEngine.LogOption,string,UnityEngine.Object)
UnityEngine.DebugLogHandler:LogFormat (UnityEngine.LogType,UnityEngine.Object,string,object[])
UnityEngine.Logger:Log (UnityEngine.LogType,object)
UnityEngine.Debug:Log (object)
RescueSimulationManager:DispatchIdleBoats () (at Assets/Scripts/Simulation/RescueSimulationManager.cs:346)
RescueSimulationManager:Update () (at Assets/Scripts/Simulation/RescueSimulationManager.cs:156)

(Filename: Assets/Scripts/Simulation/RescueSimulationManager.cs Line: 346)

[RescueVerifier] MILESTONE: survivor boarded.
UnityEngine.Debug:ExtractStackTraceNoAlloc (byte*,int,string)
UnityEngine.StackTraceUtility:ExtractStackTrace ()
UnityEngine.DebugLogHandler:Internal_Log (UnityEngine.LogType,UnityEngine.LogOption,string,UnityEngine.Object)
UnityEngine.DebugLogHandler:LogFormat (UnityEngine.LogType,UnityEngine.Object,string,object[])
UnityEngine.Logger:Log (UnityEngine.LogType,object)
UnityEngine.Debug:Log (object)
RescueSimulationBatchVerifier:ObserveMovement () (at Assets/Editor/RescueSimulationBatchVerifier.cs:174)
UnityEditor.EditorApplication:Internal_CallUpdateFunctions ()

(Filename: Assets/Editor/RescueSimulationBatchVerifier.cs Line: 174)

Worker ready: AssetImportWorkerHW0 0
[RescueSimulation] boat_1 dispatched to person_3.
UnityEngine.Debug:ExtractStackTraceNoAlloc (byte*,int,string)
UnityEngine.StackTraceUtility:ExtractStackTrace ()
UnityEngine.DebugLogHandler:Internal_Log (UnityEngine.LogType,UnityEngine.LogOption,string,UnityEngine.Object)
UnityEngine.DebugLogHandler:LogFormat (UnityEngine.LogType,UnityEngine.Object,string,object[])
UnityEngine.Logger:Log (UnityEngine.LogType,object)
UnityEngine.Debug:Log (object)
RescueSimulationManager:DispatchIdleBoats () (at Assets/Scripts/Simulation/RescueSimulationManager.cs:346)
RescueSimulationManager:Update () (at Assets/Scripts/Simulation/RescueSimulationManager.cs:156)

(Filename: Assets/Scripts/Simulation/RescueSimulationManager.cs Line: 346)

[RescueSimulation] boat_1 dispatched to person_4.
UnityEngine.Debug:ExtractStackTraceNoAlloc (byte*,int,string)
UnityEngine.StackTraceUtility:ExtractStackTrace ()
UnityEngine.DebugLogHandler:Internal_Log (UnityEngine.LogType,UnityEngine.LogOption,string,UnityEngine.Object)
UnityEngine.DebugLogHandler:LogFormat (UnityEngine.LogType,UnityEngine.Object,string,object[])
UnityEngine.Logger:Log (UnityEngine.LogType,object)
UnityEngine.Debug:Log (object)
RescueSimulationManager:DispatchIdleBoats () (at Assets/Scripts/Simulation/RescueSimulationManager.cs:346)
RescueSimulationManager:Update () (at Assets/Scripts/Simulation/RescueSimulationManager.cs:156)

(Filename: Assets/Scripts/Simulation/RescueSimulationManager.cs Line: 346)

[RescueSimulation] boat_1 dispatched to person_5.
UnityEngine.Debug:ExtractStackTraceNoAlloc (byte*,int,string)
UnityEngine.StackTraceUtility:ExtractStackTrace ()
UnityEngine.DebugLogHandler:Internal_Log (UnityEngine.LogType,UnityEngine.LogOption,string,UnityEngine.Object)
UnityEngine.DebugLogHandler:LogFormat (UnityEngine.LogType,UnityEngine.Object,string,object[])
UnityEngine.Logger:Log (UnityEngine.LogType,object)
UnityEngine.Debug:Log (object)
RescueSimulationManager:DispatchIdleBoats () (at Assets/Scripts/Simulation/RescueSimulationManager.cs:346)
RescueSimulationManager:Update () (at Assets/Scripts/Simulation/RescueSimulationManager.cs:156)

(Filename: Assets/Scripts/Simulation/RescueSimulationManager.cs Line: 346)

[RescueSimulation] boat_1 dispatched to person_6.
UnityEngine.Debug:ExtractStackTraceNoAlloc (byte*,int,string)
UnityEngine.StackTraceUtility:ExtractStackTrace ()
UnityEngine.DebugLogHandler:Internal_Log (UnityEngine.LogType,UnityEngine.LogOption,string,UnityEngine.Object)
UnityEngine.DebugLogHandler:LogFormat (UnityEngine.LogType,UnityEngine.Object,string,object[])
UnityEngine.Logger:Log (UnityEngine.LogType,object)
UnityEngine.Debug:Log (object)
RescueSimulationManager:DispatchIdleBoats () (at Assets/Scripts/Simulation/RescueSimulationManager.cs:346)
RescueSimulationManager:Update () (at Assets/Scripts/Simulation/RescueSimulationManager.cs:156)

(Filename: Assets/Scripts/Simulation/RescueSimulationManager.cs Line: 346)

[RescueVerifier] MILESTONE: realistic shuttle delivered 6 with peak capacity 4.
UnityEngine.Debug:ExtractStackTraceNoAlloc (byte*,int,string)
UnityEngine.StackTraceUtility:ExtractStackTrace ()
UnityEngine.DebugLogHandler:Internal_Log (UnityEngine.LogType,UnityEngine.LogOption,string,UnityEngine.Object)
UnityEngine.DebugLogHandler:LogFormat (UnityEngine.LogType,UnityEngine.Object,string,object[])
UnityEngine.Logger:Log (UnityEngine.LogType,object)
UnityEngine.Debug:Log (object)
RescueSimulationBatchVerifier:ObserveMovement () (at Assets/Editor/RescueSimulationBatchVerifier.cs:188)
UnityEditor.EditorApplication:Internal_CallUpdateFunctions ()

(Filename: Assets/Editor/RescueSimulationBatchVerifier.cs Line: 188)

[RescueSimulation] boat_1 dispatched to person_1.
UnityEngine.Debug:ExtractStackTraceNoAlloc (byte*,int,string)
UnityEngine.StackTraceUtility:ExtractStackTrace ()
UnityEngine.DebugLogHandler:Internal_Log (UnityEngine.LogType,UnityEngine.LogOption,string,UnityEngine.Object)
UnityEngine.DebugLogHandler:LogFormat (UnityEngine.LogType,UnityEngine.Object,string,object[])
UnityEngine.Logger:Log (UnityEngine.LogType,object)
UnityEngine.Debug:Log (object)
RescueSimulationManager:DispatchIdleBoats () (at Assets/Scripts/Simulation/RescueSimulationManager.cs:346)
RescueSimulationManager:StartSimulation () (at Assets/Scripts/Simulation/RescueSimulationManager.cs:223)
RescueSimulationBatchVerifier:BeginOneTripAllTest () (at Assets/Editor/RescueSimulationBatchVerifier.cs:218)
RescueSimulationBatchVerifier:ObserveMovement () (at Assets/Editor/RescueSimulationBatchVerifier.cs:189)
UnityEditor.EditorApplication:Internal_CallUpdateFunctions ()

(Filename: Assets/Scripts/Simulation/RescueSimulationManager.cs Line: 346)

[RescueSimulation] Start pressed. waiting=6, external=False
UnityEngine.Debug:ExtractStackTraceNoAlloc (byte*,int,string)
UnityEngine.StackTraceUtility:ExtractStackTrace ()
UnityEngine.DebugLogHandler:Internal_Log (UnityEngine.LogType,UnityEngine.LogOption,string,UnityEngine.Object)
UnityEngine.DebugLogHandler:LogFormat (UnityEngine.LogType,UnityEngine.Object,string,object[])
UnityEngine.Logger:Log (UnityEngine.LogType,object)
UnityEngine.Debug:Log (object)
RescueSimulationManager:StartSimulation () (at Assets/Scripts/Simulation/RescueSimulationManager.cs:231)
RescueSimulationBatchVerifier:BeginOneTripAllTest () (at Assets/Editor/RescueSimulationBatchVerifier.cs:218)
RescueSimulationBatchVerifier:ObserveMovement () (at Assets/Editor/RescueSimulationBatchVerifier.cs:189)
UnityEditor.EditorApplication:Internal_CallUpdateFunctions ()

(Filename: Assets/Scripts/Simulation/RescueSimulationManager.cs Line: 231)

[RescueSimulation] boat_1 dispatched to person_2.
UnityEngine.Debug:ExtractStackTraceNoAlloc (byte*,int,string)
UnityEngine.StackTraceUtility:ExtractStackTrace ()
UnityEngine.DebugLogHandler:Internal_Log (UnityEngine.LogType,UnityEngine.LogOption,string,UnityEngine.Object)
UnityEngine.DebugLogHandler:LogFormat (UnityEngine.LogType,UnityEngine.Object,string,object[])
UnityEngine.Logger:Log (UnityEngine.LogType,object)
UnityEngine.Debug:Log (object)
RescueSimulationManager:DispatchIdleBoats () (at Assets/Scripts/Simulation/RescueSimulationManager.cs:346)
RescueSimulationManager:Update () (at Assets/Scripts/Simulation/RescueSimulationManager.cs:156)

(Filename: Assets/Scripts/Simulation/RescueSimulationManager.cs Line: 346)

[RescueSimulation] boat_1 dispatched to person_3.
UnityEngine.Debug:ExtractStackTraceNoAlloc (byte*,int,string)
UnityEngine.StackTraceUtility:ExtractStackTrace ()
UnityEngine.DebugLogHandler:Internal_Log (UnityEngine.LogType,UnityEngine.LogOption,string,UnityEngine.Object)
UnityEngine.DebugLogHandler:LogFormat (UnityEngine.LogType,UnityEngine.Object,string,object[])
UnityEngine.Logger:Log (UnityEngine.LogType,object)
UnityEngine.Debug:Log (object)
RescueSimulationManager:DispatchIdleBoats () (at Assets/Scripts/Simulation/RescueSimulationManager.cs:346)
RescueSimulationManager:Update () (at Assets/Scripts/Simulation/RescueSimulationManager.cs:156)

(Filename: Assets/Scripts/Simulation/RescueSimulationManager.cs Line: 346)

[RescueSimulation] boat_1 dispatched to person_4.
UnityEngine.Debug:ExtractStackTraceNoAlloc (byte*,int,string)
UnityEngine.StackTraceUtility:ExtractStackTrace ()
UnityEngine.DebugLogHandler:Internal_Log (UnityEngine.LogType,UnityEngine.LogOption,string,UnityEngine.Object)
UnityEngine.DebugLogHandler:LogFormat (UnityEngine.LogType,UnityEngine.Object,string,object[])
UnityEngine.Logger:Log (UnityEngine.LogType,object)
UnityEngine.Debug:Log (object)
RescueSimulationManager:DispatchIdleBoats () (at Assets/Scripts/Simulation/RescueSimulationManager.cs:346)
RescueSimulationManager:Update () (at Assets/Scripts/Simulation/RescueSimulationManager.cs:156)

(Filename: Assets/Scripts/Simulation/RescueSimulationManager.cs Line: 346)

[RescueSimulation] boat_1 dispatched to person_5.
UnityEngine.Debug:ExtractStackTraceNoAlloc (byte*,int,string)
UnityEngine.StackTraceUtility:ExtractStackTrace ()
UnityEngine.DebugLogHandler:Internal_Log (UnityEngine.LogType,UnityEngine.LogOption,string,UnityEngine.Object)
UnityEngine.DebugLogHandler:LogFormat (UnityEngine.LogType,UnityEngine.Object,string,object[])
UnityEngine.Logger:Log (UnityEngine.LogType,object)
UnityEngine.Debug:Log (object)
RescueSimulationManager:DispatchIdleBoats () (at Assets/Scripts/Simulation/RescueSimulationManager.cs:346)
RescueSimulationManager:Update () (at Assets/Scripts/Simulation/RescueSimulationManager.cs:156)

(Filename: Assets/Scripts/Simulation/RescueSimulationManager.cs Line: 346)

[RescueSimulation] boat_1 dispatched to person_6.
UnityEngine.Debug:ExtractStackTraceNoAlloc (byte*,int,string)
UnityEngine.StackTraceUtility:ExtractStackTrace ()
UnityEngine.DebugLogHandler:Internal_Log (UnityEngine.LogType,UnityEngine.LogOption,string,UnityEngine.Object)
UnityEngine.DebugLogHandler:LogFormat (UnityEngine.LogType,UnityEngine.Object,string,object[])
UnityEngine.Logger:Log (UnityEngine.LogType,object)
UnityEngine.Debug:Log (object)
RescueSimulationManager:DispatchIdleBoats () (at Assets/Scripts/Simulation/RescueSimulationManager.cs:346)
RescueSimulationManager:Update () (at Assets/Scripts/Simulation/RescueSimulationManager.cs:156)

(Filename: Assets/Scripts/Simulation/RescueSimulationManager.cs Line: 346)

[RescueVerifier] PASS: station avoidance, lift, hanging camera, waving, 4-person shuttle and one-trip stacked rescue all passed.
UnityEngine.Debug:ExtractStackTraceNoAlloc (byte*,int,string)
UnityEngine.StackTraceUtility:ExtractStackTrace ()
UnityEngine.DebugLogHandler:Internal_Log (UnityEngine.LogType,UnityEngine.LogOption,string,UnityEngine.Object)
UnityEngine.DebugLogHandler:LogFormat (UnityEngine.LogType,UnityEngine.Object,string,object[])
UnityEngine.Logger:Log (UnityEngine.LogType,object)
UnityEngine.Debug:Log (object)
RescueSimulationBatchVerifier:ObserveMovement () (at Assets/Editor/RescueSimulationBatchVerifier.cs:199)
UnityEditor.EditorApplication:Internal_CallUpdateFunctions ()

(Filename: Assets/Editor/RescueSimulationBatchVerifier.cs Line: 199)

Unloading 17 Unused Serialized files (Serialized files now loaded: 0)
Loaded scene 'Temp/__Backupscenes/0.backup'
	Deserialize:            2.482 ms
	Integration:            8.683 ms
	Integration of assets:  0.106 ms
	Thread Wait Time:       0.018 ms
	Total Operation Time:   11.289 ms
Unloading 429 unused Assets / (1.4 MB). Loaded Objects now: 8990.
Memory consumption went from 426.5 MB to 425.1 MB.
Total: 11.381200 ms (FindLiveObjects: 0.508800 ms CreateObjectMapping: 0.169600 ms MarkObjects: 9.934000 ms  DeleteObjects: 0.522300 ms)

MonoPathRemapper: Attempts to remap: 11878; Successful remaps: 2
Serialized file version minimum: 23, current 23
[Physics::Module] Cleanup current backend.
[Physics::Module] Id: 0xf2b8ea05
Input System module state changed to: ShutdownInProgress.
Input Polling Thread exited.
Input System module state changed to: Shutdown.
[Licensing::IpcConnector] LicenseClient-Lenovo-notifications channel disconnected successfully.
[Licensing::IpcConnector] LicenseClient-Lenovo channel disconnected successfully.
Lingering sessions upon destruction of worker manager
Unity Data Store service was successfully shut down
UDS shutting down local client system
Shut down UDS service system complete
AcceleratorClientConnectionCallback - disconnected - :0
Cleanup mono
CodeReloadManager destroyed
Checking for leaked weakptr:
  Found no leaked weakptrs.
[Package Manager] Server process was shutdown
##utp:{"type":"MemoryLeaks","version":2,"phase":"Immediate","time":1788765070672,"processId":247360,"allocatedMemory":15380027,"memoryLabels":[{"Default":190910},{"Permanent":15516},{"NewDelete":69831},{"Thread":4198024},{"Manager":38757},{"VertexData":8},{"Geometry":816},{"Texture":24},{"Shader":850782},{"Material":24},{"GfxDevice":55968},{"Animation":952},{"Audio":1272},{"FreeType":8},{"FontEngine":736},{"Physics":1970},{"Physics2D":16},{"Serialization":32960},{"Input":42840},{"JobScheduler":256},{"TextLib":336},{"Mono":48},{"MonoCode":64},{"ScriptingNativeRuntime":1307568},{"BaseObject":49296},{"Resource":1208},{"Renderer":2376},{"Transform":4685},{"File":7393},{"WebCam":616},{"Culling":32},{"Terrain":11442},{"Wind":24},{"STL":40},{"String":487106},{"StaticString":3808},{"Utility":2675894},{"Curl":2594},{"PoolAlloc":2360},{"AI":80},{"TypeTree":21453},{"ScriptManager":12640},{"CodeReload":448},{"RuntimeInitializeOnLoadManager":64},{"Sprites":102},{"SpriteAtlas":120},{"GI":7816},{"Director":8296},{"CloudService":7296},{"WebRequest":4517},{"VR":49650},{"SceneManager":608},{"Video":64},{"LazyScriptCache":32},{"Camera":729},{"Secure":2377},{"SerializationCache":9256},{"APIUpdating":10320},{"Subsystems":336},{"VirtualTexturing":57888},{"StaticSafetyDebugInfo":278528},{"Analytics":592},{"Hierarchy":1188},{"UIElements":40},{"CoreStats":14456},{"Identifiers":7152},{"Gui":128},{"EditorUtility":126575},{"VersionControl":8},{"Undo":931},{"AssetDatabase":4640028},{"AssetImporter":40},{"EditorGi":328},{"UnityConnect":40465},{"Upm":1912},{"UpmDiagnostics":8},{"AssetCompliance":96},{"DrivenProperties":72},{"LocalIPC":212},{"ProfilerEditor":9778},{"CoreBusinessMetrics":3622},{"Windowing":456},{"Licensing":696},{"AssetReference":32},{"IPCStream":32}]}
